// Jest Snapshot v1, https://goo.gl/fbAQLP

exports[`Confirm Component Test Confirm component it work 1`] = `null`;

exports[`Confirm Component Test Confirm component it work 2`] = `null`;

exports[`Notice Testing Test Confirm component it work 1`] = `null`;

exports[`Notice Testing Test Result component it work 1`] = `null`;
